### tryit ###

Welcome to the interactive Docker tutorial
you@tutorial:~$  

you@tutorial:~$ docker
Usage: Docker [OPTIONS] COMMAND [arg...]
-H="127.0.0.1:4243": Host:port to bind/connect to
 
A self-sufficient runtime for linux containers.
 
Commands:
 
attach    Attach to a running container
build     Build a container from a Dockerfile
commit    Create a new image from a container's changes
diff      Inspect changes on a container's filesystem
export    Stream the contents of a container as a tar archive
history   Show the history of an image
images    List images
import    Create a new filesystem image from the contents of a tarball
info      Display system-wide information
insert    Insert a file in an image
inspect   Return low-level information on a container
kill      Kill a running container
login     Register or Login to the Docker registry server
logs      Fetch the logs of a container
port      Lookup the public-facing port which is NAT-ed to PRIVATE_PORT
ps        List containers
pull      Pull an image or a repository from the Docker registry server
push      Push an image or a repository to the Docker registry server
restart   Restart a running container
rm        Remove a container
rmi       Remove an image
run       Run a command in a new container
search    Search for an image in the Docker index
start     Start a stopped container
stop      Stop a running container
tag       Tag an image into a repository
version   Show the Docker version information
wait      Block until a container stops, then print its exit code

you@tutorial:~$ docker version
Docker Emulator version 0.1.3
 
Emulating:
Client version: 0.5.3
Server version: 0.5.3
Go version: go1.1


you@tutorial:~$ docker search tutorial
Found 1 results matching your query ("tutorial")
NAME                      DESCRIPTION
learn/tutorial            An image for the interactive tutorial

you@tutorial:~$ docker pull learn/tutorial
Pulling repository learn/tutorial from https://index.docker.io/v1
Pulling image 8dbd9e392a964056420e5d58ca5cc376ef18e2de93b5cc90e868a1bbc8318c1c (precise) from ubuntu
Pulling image b750fe79269d2ec9a3c593ef05b4332b1d1a02a62b4accb2c21d589ff2f5f2dc (12.10) from ubuntu
Pulling image 27cf784147099545 () from tutorial

you@tutorial:~$ docker run
Usage: Docker run [OPTIONS] IMAGE COMMAND [ARG...]
 
Run a command in a new container
 
-a=map[]: Attach to stdin, stdout or stderr.
-c=0: CPU shares (relative weight)
-d=false: Detached mode: leave the container running in the background
-dns=[]: Set custom dns servers
-e=[]: Set environment variables
-h="": Container host name
-i=false: Keep stdin open even if not attached
-m=0: Memory limit (in bytes)
-p=[]: Expose a container's port to the host (use 'docker port' to see the actual mapping)
-t=false: Allocate a pseudo-tty
-u="": Username or UID
-v=map[]: Attach a data volume
-volumes-from="": Mount volumes from the specified container
you@tutorial:~$ docker run learn/tutorial
2013/07/02 02:00:59 Error: No command specified
you@tutorial:~$ docker run learn/tutorial echo "hello world"
hello world 

you@tutorial:~$ docker run learn/tutorial /bin/bash
[USER]: https://d3oypxn00j2a10.cloudfront.net/0.13.0/js/steps.js: _q.intermediateresults[input] is not a function
buildfunction/</window.intermediateResults@https://d3oypxn00j2a10.cloudfront.net/0.13.0/js/steps.js:412:30
this.myTerminal/Docker@https://d3oypxn00j2a10.cloudfront.net/0.13.0/js/terminal.js:332:13
this.myTerminal/this.interpreter@https://d3oypxn00j2a10.cloudfront.net/0.13.0/js/terminal.js:65:9
F@https://d3oypxn00j2a10.cloudfront.net/0.13.0/lib/js/jquery.terminal-0.7.4.min.js:92:428
C@https://d3oypxn00j2a10.cloudfront.net/0.13.0/lib/js/jquery.terminal-0.7.4.min.js:42:108
f.event.dispatch@https://d3oypxn00j2a10.cloudfront.net/0.13.0/lib/js/jquery-1.7.1.min.js:3:4299
f.event.add/i@https://d3oypxn00j2a10.cloudfront.net/0.13.0/lib/js/jquery-1.7.1.min.js:3:311




you@tutorial:~$ docker run learn/tutorial apt-get -y install ping
Reading package lists...
Building dependency tree...
The following NEW packages will be installed:
  iputils-ping
0 upgraded, 1 newly installed, 0 to remove and 0 not upgraded.
Need to get 56.1 kB of archives.
After this operation, 143 kB of additional disk space will be used.
Get:1 http://archive.ubuntu.com/ubuntu/ precise/main iputils-ping amd64 3:20101006-1ubuntu1 [56.1 kB]
debconf: delaying package configuration, since apt-utils is not installed
Fetched 56.1 kB in 1s (50.3 kB/s)
Selecting previously unselected package iputils-ping.
(Reading database ... 7545 files and directories currently installed.)
Unpacking iputils-ping (from .../iputils-ping_3%3a20101006-1ubuntu1_amd64.deb) ...
Setting up iputils-ping (3:20101006-1ubuntu1) ...


you@tutorial:~$ docker ps -l
ID                  IMAGE               COMMAND                CREATED             STATUS              PORTS
6982a9948422        ubuntu:12.04        apt-get install ping   1 minute ago        Exit 0
you@tutorial:~$ docker commit
Usage: Docker commit [OPTIONS] CONTAINER [REPOSITORY [TAG]]
 
Create a new image from a container's changes
 
  -author="": Author (eg. "John Hannibal Smith <hannibal@a-team.com>"
  -m="": Commit message
  -run="": Config automatically applied when the image is run. (ex: {"Cmd": ["cat", "/world"], "PortSpecs": ["22"
]}')
you@tutorial:~$ docker commit learn/ping 6982a9948422
effb66b31edb

you@tutorial:~$ docker run learn/ping ping -c 3 www.google.com
PING www.google.com (74.125.239.129) 56(84) bytes of data.
64 bytes from nuq05s02-in-f20.1e100.net (74.125.239.148): icmp_req=1 ttl=55 time=2.23 ms
64 bytes from nuq05s02-in-f20.1e100.net (74.125.239.148): icmp_req=2 ttl=55 time=2.30 ms
64 bytes from nuq05s02-in-f20.1e100.net (74.125.239.148): icmp_req=3 ttl=55 time=2.27 ms
64 bytes from nuq05s02-in-f20.1e100.net (74.125.239.148): icmp_req=4 ttl=55 time=2.30 ms
64 bytes from nuq05s02-in-f20.1e100.net (74.125.239.148): icmp_req=5 ttl=55 time=2.25 ms
64 bytes from nuq05s02-in-f20.1e100.net (74.125.239.148): icmp_req=6 ttl=55 time=2.29 ms
64 bytes from nuq05s02-in-f20.1e100.net (74.125.239.148): icmp_req=7 ttl=55 time=2.23 ms
64 bytes from nuq05s02-in-f20.1e100.net (74.125.239.148): icmp_req=8 ttl=55 time=2.30 ms
64 bytes from nuq05s02-in-f20.1e100.net (74.125.239.148): icmp_req=9 ttl=55 time=2.35 ms
-> This would normally just keep going. However, this emulator does not support Ctrl-C, so we quit here.


you@tutorial:~$ docker ps
ID                  IMAGE               COMMAND               CREATED             STATUS              PORTS
efefdc74a1d5        learn/ping:latest   ping www.google.com   37 seconds ago      Up 36 seconds

you@tutorial:~$ docker inspect efef
...
      "Hostname": "efefdc74a1d5",
      "User": "",
      "Memory": 0,
      "MemorySwap": 0,
      "CpuShares": 0,
      "AttachStdin": false,
      "AttachStdout": true,
      "AttachStderr": true,
      "PortSpecs": null,
      "Tty": false,
      "OpenStdin": false,
      "StdinOnce": false,
      "Env": null,
      "Cmd": [
          "ping",
          "www.google.com"
      ],
      "Dns": null,
      "Image": "learn/ping",
      "Volumes": null,
      "VolumesFrom": "",
      "Entrypoint": null
  },
  "State": {
      "Running": true,
      "Pid": 22249,
      "ExitCode": 0,
      "StartedAt": "2013-07-30T00:54:12.424817715Z",
      "Ghost": false
  },
  "Image": "a1dbb48ce764c6651f5af98b46ed052a5f751233d731b645a6c57f91a4cb7158",
  "NetworkSettings": {
      "IPAddress": "172.16.42.6",
      "IPPrefixLen": 24,
      "Gateway": "172.16.42.1",
      "Bridge": "docker0",
      "PortMapping": {
          "Tcp": {},
          "Udp": {}
      }
  },
  "SysInitPath": "/usr/bin/docker",
  "ResolvConfPath": "/etc/resolv.conf",
  "Volumes": {},
  "VolumesRW": {}


you@tutorial:~$ docker push learn/ping
The push refers to a repository [learn/ping] (len: 1)
Processing checksums
Sending image list
Pushing repository learn/ping (1 tags)
Pushing 8dbd9e392a964056420e5d58ca5cc376ef18e2de93b5cc90e868a1bbc8318c1c
Image 8dbd9e392a964056420e5d58ca5cc376ef18e2de93b5cc90e868a1bbc8318c1c already pushed, skipping
Pushing tags for rev [8dbd9e392a964056420e5d58ca5cc376ef18e2de93b5cc90e868a1bbc8318c1c] on {https://registry-1.do
cker.io/v1/repositories/learn/ping/tags/latest}
Pushing a1dbb48ce764c6651f5af98b46ed052a5f751233d731b645a6c57f91a4cb7158
Pushing  11.5 MB/11.5 MB (100%)
Pushing tags for rev [a1dbb48ce764c6651f5af98b46ed052a5f751233d731b645a6c57f91a4cb7158] on {https://registry-1.do
cker.io/v1/repositories/learn/ping/tags/latest}

              _ _       _                    _
__      _____| | |   __| | ___  _ __   ___  | |
\ \ /\ / / _ \ | |  / _` |/ _ \| '_ \ / _ \ | |
 \ V  V /  __/ | | | (_| | (_) | | | |  __/ |_|
  \_/\_/ \___|_|_|  \__,_|\___/|_| |_|\___| (_)
                                              
 
 
 
                        ##        .
                  ## ## ##       ==
               ## ## ## ##      ===
           /""""""""""""""""\___/ ===
      ~~~ {~~ ~~~~ ~~~ ~~~~ ~~ ~ /  ===- ~~~
           \______ o          __/
             \    \        __/
              \____\______/
 
              |          |
           __ |  __   __ | _  __   _
          /  \| /  \ /   |/  / _\ |
          \__/| \__/ \__ |\_ \__  |
 
 
you@tutorial:~$  

you@tutorial:~$ docker images
ubuntu                latest              8dbd9e392a96        4 months ago        131.5 MB (virtual 131.5 MB)
learn/tutorial        latest              8dbd9e392a96        2 months ago        131.5 MB (virtual 131.5 MB)
learn/ping            latest              effb66b31edb        10 minutes ago      11.57 MB (virtual 143.1 MB)




### installation ###

stack@tangfeixiong-Compaq-14-Notebook-PC:~$ sudo apt-get update
Ign http://cn.archive.ubuntu.com trusty InRelease                              
Ign http://security.ubuntu.com trusty-security InRelease                       
Ign http://cn.archive.ubuntu.com trusty-updates InRelease            
Ign http://cn.archive.ubuntu.com trusty-backports InRelease          
Ign http://extras.ubuntu.com trusty InRelease                        
Hit http://cn.archive.ubuntu.com trusty Release.gpg                  
Ign http://ppa.launchpad.net trusty InRelease                        
Hit http://security.ubuntu.com trusty-security Release.gpg           
Hit http://cn.archive.ubuntu.com trusty-updates Release.gpg          
Hit http://cn.archive.ubuntu.com trusty-backports Release.gpg        
Hit http://cn.archive.ubuntu.com trusty Release                      
Hit http://extras.ubuntu.com trusty Release.gpg                                
Hit http://cn.archive.ubuntu.com trusty-updates Release                        
Hit http://security.ubuntu.com trusty-security Release                         
Hit http://ppa.launchpad.net trusty Release.gpg                                
Hit http://cn.archive.ubuntu.com trusty-backports Release            
Hit http://security.ubuntu.com trusty-security/main Sources                    
Hit http://extras.ubuntu.com trusty Release                                    
Hit http://cn.archive.ubuntu.com trusty/main Sources                           
Hit http://cn.archive.ubuntu.com trusty/restricted Sources                     
Hit http://ppa.launchpad.net trusty Release                                    
Hit http://cn.archive.ubuntu.com trusty/universe Sources                       
Hit http://security.ubuntu.com trusty-security/restricted Sources              
Hit http://cn.archive.ubuntu.com trusty/multiverse Sources                     
Hit http://extras.ubuntu.com trusty/main Sources                               
Hit http://cn.archive.ubuntu.com trusty/main amd64 Packages                    
Hit http://security.ubuntu.com trusty-security/universe Sources                
Hit http://ppa.launchpad.net trusty/main amd64 Packages                        
Hit http://cn.archive.ubuntu.com trusty/restricted amd64 Packages              
Hit http://extras.ubuntu.com trusty/main amd64 Packages                        
Hit http://cn.archive.ubuntu.com trusty/universe amd64 Packages                
Hit http://security.ubuntu.com trusty-security/multiverse Sources              
Hit http://cn.archive.ubuntu.com trusty/multiverse amd64 Packages              
Hit http://cn.archive.ubuntu.com trusty/main i386 Packages                     
Hit http://cn.archive.ubuntu.com trusty/restricted i386 Packages               
Hit http://ppa.launchpad.net trusty/main i386 Packages                         
Hit http://security.ubuntu.com trusty-security/main amd64 Packages             
Hit http://extras.ubuntu.com trusty/main i386 Packages                         
Hit http://cn.archive.ubuntu.com trusty/universe i386 Packages                 
Hit http://cn.archive.ubuntu.com trusty/multiverse i386 Packages               
Hit http://security.ubuntu.com trusty-security/restricted amd64 Packages       
Hit http://ppa.launchpad.net trusty/main Translation-en                        
Hit http://cn.archive.ubuntu.com trusty/main Translation-en                    
Hit http://cn.archive.ubuntu.com trusty/multiverse Translation-en              
Hit http://security.ubuntu.com trusty-security/universe amd64 Packages
Hit http://cn.archive.ubuntu.com trusty/restricted Translation-en              
Hit http://security.ubuntu.com trusty-security/multiverse amd64 Packages       
Hit http://cn.archive.ubuntu.com trusty/universe Translation-en                
Hit http://cn.archive.ubuntu.com trusty-updates/main Sources                   
Hit http://cn.archive.ubuntu.com trusty-updates/restricted Sources             
Hit http://security.ubuntu.com trusty-security/main i386 Packages              
Hit http://cn.archive.ubuntu.com trusty-updates/universe Sources               
Hit http://cn.archive.ubuntu.com trusty-updates/multiverse Sources             
Hit http://cn.archive.ubuntu.com trusty-updates/main amd64 Packages            
Hit http://cn.archive.ubuntu.com trusty-updates/restricted amd64 Packages      
Hit http://security.ubuntu.com trusty-security/restricted i386 Packages        
Hit http://cn.archive.ubuntu.com trusty-updates/universe amd64 Packages        
Hit http://cn.archive.ubuntu.com trusty-updates/multiverse amd64 Packages      
Hit http://cn.archive.ubuntu.com trusty-updates/main i386 Packages             
Hit http://security.ubuntu.com trusty-security/universe i386 Packages          
Hit http://cn.archive.ubuntu.com trusty-updates/restricted i386 Packages       
Hit http://cn.archive.ubuntu.com trusty-updates/universe i386 Packages         
Hit http://security.ubuntu.com trusty-security/multiverse i386 Packages        
Hit http://cn.archive.ubuntu.com trusty-updates/multiverse i386 Packages       
Hit http://cn.archive.ubuntu.com trusty-updates/main Translation-en            
Hit http://cn.archive.ubuntu.com trusty-updates/multiverse Translation-en      
Hit http://security.ubuntu.com trusty-security/main Translation-en             
Hit http://cn.archive.ubuntu.com trusty-updates/restricted Translation-en      
Hit http://cn.archive.ubuntu.com trusty-updates/universe Translation-en        
Hit http://cn.archive.ubuntu.com trusty-backports/main Sources                 
Hit http://security.ubuntu.com trusty-security/multiverse Translation-en       
Hit http://cn.archive.ubuntu.com trusty-backports/restricted Sources           
Hit http://cn.archive.ubuntu.com trusty-backports/universe Sources             
Hit http://cn.archive.ubuntu.com trusty-backports/multiverse Sources           
Hit http://security.ubuntu.com trusty-security/restricted Translation-en       
Hit http://cn.archive.ubuntu.com trusty-backports/main amd64 Packages          
Hit http://security.ubuntu.com trusty-security/universe Translation-en         
Hit http://cn.archive.ubuntu.com trusty-backports/restricted amd64 Packages    
Hit http://cn.archive.ubuntu.com trusty-backports/universe amd64 Packages      
Hit http://cn.archive.ubuntu.com trusty-backports/multiverse amd64 Packages    
Hit http://cn.archive.ubuntu.com trusty-backports/main i386 Packages           
Hit http://cn.archive.ubuntu.com trusty-backports/restricted i386 Packages     
Hit http://cn.archive.ubuntu.com trusty-backports/universe i386 Packages       
Hit http://cn.archive.ubuntu.com trusty-backports/multiverse i386 Packages     
Hit http://cn.archive.ubuntu.com trusty-backports/main Translation-en          
Hit http://cn.archive.ubuntu.com trusty-backports/multiverse Translation-en    
Hit http://cn.archive.ubuntu.com trusty-backports/restricted Translation-en    
Hit http://cn.archive.ubuntu.com trusty-backports/universe Translation-en      
Ign http://extras.ubuntu.com trusty/main Translation-en_US                     
Ign http://extras.ubuntu.com trusty/main Translation-en                        
Ign http://cn.archive.ubuntu.com trusty/main Translation-en_US                 
Ign http://cn.archive.ubuntu.com trusty/multiverse Translation-en_US           
Ign http://cn.archive.ubuntu.com trusty/restricted Translation-en_US           
Ign http://cn.archive.ubuntu.com trusty/universe Translation-en_US             
Reading package lists... Done                                                  
stack@tangfeixiong-Compaq-14-Notebook-PC:~$ sudo apt-get install docker.io
Reading package lists... Done
Building dependency tree       
Reading state information... Done
The following packages were automatically installed and are no longer required:
  python-colorama python-distlib python-html5lib
Use 'apt-get autoremove' to remove them.
The following extra packages will be installed:
  aufs-tools
Suggested packages:
  debootstrap lxc rinse
The following NEW packages will be installed:
  aufs-tools docker.io
0 upgraded, 2 newly installed, 0 to remove and 220 not upgraded.
Need to get 4,204 kB of archives.
After this operation, 25.0 MB of additional disk space will be used.
Do you want to continue? [Y/n] y
Get:1 http://cn.archive.ubuntu.com/ubuntu/ trusty/universe aufs-tools amd64 1:3.2+20130722-1.1 [92.3 kB]
Get:2 http://cn.archive.ubuntu.com/ubuntu/ trusty-updates/universe docker.io amd64 1.0.1~dfsg1-0ubuntu1~ubuntu0.14.04.1 [4,111 kB]
Fetched 4,204 kB in 51s (82.3 kB/s)                                            
Selecting previously unselected package aufs-tools.
(Reading database ... 220134 files and directories currently installed.)
Preparing to unpack .../aufs-tools_1%3a3.2+20130722-1.1_amd64.deb ...
Unpacking aufs-tools (1:3.2+20130722-1.1) ...
Selecting previously unselected package docker.io.
Preparing to unpack .../docker.io_1.0.1~dfsg1-0ubuntu1~ubuntu0.14.04.1_amd64.deb ...
Unpacking docker.io (1.0.1~dfsg1-0ubuntu1~ubuntu0.14.04.1) ...
Processing triggers for man-db (2.6.7.1-1ubuntu1) ...
Processing triggers for ureadahead (0.100.0-16) ...
ureadahead will be reprofiled on next reboot
Setting up aufs-tools (1:3.2+20130722-1.1) ...
Setting up docker.io (1.0.1~dfsg1-0ubuntu1~ubuntu0.14.04.1) ...
Adding group `docker' (GID 130) ...
Done.
docker.io start/running, process 7273
Processing triggers for libc-bin (2.19-0ubuntu6.3) ...
Processing triggers for ureadahead (0.100.0-16) ...
stack@tangfeixiong-Compaq-14-Notebook-PC:~$ ls /etc/bash_completion.d/
apache2                        keystone.bash_completion
apport_completion              libreoffice.sh
axi-cache                      neutron.bash_completion
cinder.bash_completion         nova.bash_completion
cryptdisks                     nova-manage.bash_completion
debconf                        paster
desktop-file-validate          pon
docker.io                      pulseaudio-bash-completion.sh
gem1.9.1                       pygmentize
git-prompt                     salt-common
grub                           tgt
heat.bash_completion           ufw
initramfs-tools                upstart
insserv                        zfs-fuse
ipset                          
stack@tangfeixiong-Compaq-14-Notebook-PC:~$ source /etc/bash_completion.d/docker.io 
stack@tangfeixiong-Compaq-14-Notebook-PC:~$ sudo docker run -i -t ubuntu /bin/bash
Unable to find image 'ubuntu' locally
Pulling repository ubuntu
8eaa4ff06b53: Pulling dependent layers 
511136ea3c5a: Download complete 
3b363fd9d7da: Download complete 
607c5d1cca71: Download complete 
f62feddc05dc: Download complete 

root@83424ba1a02b:/# exit
exit



you@tutorial:~$ docker images
ubuntu                latest              8dbd9e392a96        4 months ago        131.5 MB (virtual 131.5 MB)
learn/tutorial        latest              8dbd9e392a96        2 months ago        131.5 MB (virtual 131.5 MB)
learn/ping            latest              effb66b31edb        10 minutes ago      11.57 MB (virtual 143.1 MB)

root@tangfeixiong-Compaq-14-Notebook-PC:/var/lib/docker# docker run -i -t ubuntu ls /bin
bash	       egrep	  mountpoint		   ss
bunzip2        false	  mt			   stty
bzcat	       fgconsole  mt-gnu		   su
bzcmp	       fgrep	  mv			   sync
bzdiff	       findmnt	  nc			   tailf
bzegrep        grep	  nc.openbsd		   tar
bzexe	       gunzip	  netcat		   tempfile
bzfgrep        gzexe	  netstat		   touch
bzgrep	       gzip	  nisdomainname		   true
bzip2	       hostname   open			   udevadm
bzip2recover   ip	  openvt		   umount
bzless	       kbd_mode   pidof			   uname
bzmore	       kill	  ping			   uncompress
cat	       kmod	  ping6			   unicode_start
chgrp	       less	  plymouth		   vdir
chmod	       lessecho   plymouth-upstart-bridge  which
chown	       lessfile   ps			   whiptail
chvt	       lesskey	  pwd			   ypdomainname
cp	       lesspipe   rbash			   zcat
cpio	       ln	  readlink		   zcmp
dash	       loadkeys   rm			   zdiff
date	       login	  rmdir			   zegrep
dd	       ls	  run-parts		   zfgrep
df	       lsblk	  running-in-container	   zforce
dir	       lsmod	  sed			   zgrep
dmesg	       mkdir	  setfont		   zless
dnsdomainname  mknod	  setupcon		   zmore
domainname     mktemp	  sh			   znew
dumpkeys       more	  sh.distrib
echo	       mount	  sleep

root@tangfeixiong-Compaq-14-Notebook-PC:/var/lib/docker# docker run -i -t ubuntu date
Fri Jan  9 23:37:53 UTC 2015

root@tangfeixiong-Compaq-14-Notebook-PC:/var/lib/docker# docker run -i -t ubuntu pwd
/

root@tangfeixiong-Compaq-14-Notebook-PC:/var/lib/docker# docker run -i -t ubuntu cat /etc/hostname
a9437721fda5

root@tangfeixiong-Compaq-14-Notebook-PC:/var/lib/docker# docker run -i -t ubuntu cat /etc/hosts
172.17.0.28	43509e12058e
127.0.0.1	localhost
::1	localhost ip6-localhost ip6-loopback
fe00::0	ip6-localnet
ff00::0	ip6-mcastprefix
ff02::1	ip6-allnodes
ff02::2	ip6-allrouters

root@tangfeixiong-Compaq-14-Notebook-PC:/var/lib/docker# docker run -i -t ubuntu which ifconfig
/sbin/ifconfig

root@tangfeixiong-Compaq-14-Notebook-PC:/var/lib/docker# docker run -i -t ubuntu ifconfig
eth0      Link encap:Ethernet  HWaddr b6:3d:f2:c9:d0:32  
          inet addr:172.17.0.30  Bcast:0.0.0.0  Mask:255.255.0.0
          inet6 addr: fe80::b43d:f2ff:fec9:d032/64 Scope:Link
          UP BROADCAST  MTU:1500  Metric:1
          RX packets:0 errors:0 dropped:2 overruns:0 frame:0
          TX packets:1 errors:0 dropped:0 overruns:0 carrier:0
          collisions:0 txqueuelen:1000 
          RX bytes:0 (0.0 B)  TX bytes:90 (90.0 B)

lo        Link encap:Local Loopback  
          inet addr:127.0.0.1  Mask:255.0.0.0
          inet6 addr: ::1/128 Scope:Host
          UP LOOPBACK RUNNING  MTU:1500  Metric:1
          RX packets:0 errors:0 dropped:0 overruns:0 frame:0
          TX packets:0 errors:0 dropped:0 overruns:0 carrier:0
          collisions:0 txqueuelen:0 
          RX bytes:0 (0.0 B)  TX bytes:0 (0.0 B)

root@tangfeixiong-Compaq-14-Notebook-PC:/var/lib/docker# docker run -i -t ubuntu python --version
2015/01/09 23:43:43 exec: "python": executable file not found in $PATH

root@tangfeixiong-Compaq-14-Notebook-PC:/var/lib/docker# docker run -i -t ubuntu which apt-get
/usr/bin/apt-get

root@tangfeixiong-Compaq-14-Notebook-PC:/var/lib/docker# docker run -i -t ubuntu apt-get install -y python2.7
Reading package lists... Done
Building dependency tree       
Reading state information... Done
The following extra packages will be installed:
  libpython2.7-minimal libpython2.7-stdlib python2.7-minimal
Suggested packages:
  python2.7-doc binutils binfmt-support
The following NEW packages will be installed:
  libpython2.7-minimal libpython2.7-stdlib python2.7 python2.7-minimal
0 upgraded, 4 newly installed, 0 to remove and 0 not upgraded.
Need to get 3566 kB of archives.
After this operation, 15.1 MB of additional disk space will be used.
Get:1 http://archive.ubuntu.com/ubuntu/ trusty/main libpython2.7-minimal amd64 2.7.6-8 [307 kB]
Get:2 http://archive.ubuntu.com/ubuntu/ trusty/main python2.7-minimal amd64 2.7.6-8 [1190 kB]
Get:3 http://archive.ubuntu.com/ubuntu/ trusty/main libpython2.7-stdlib amd64 2.7.6-8 [1872 kB]
Get:4 http://archive.ubuntu.com/ubuntu/ trusty/main python2.7 amd64 2.7.6-8 [197 kB]
Fetched 3566 kB in 11s (300 kB/s)                                              
Selecting previously unselected package libpython2.7-minimal:amd64.
(Reading database ... 11527 files and directories currently installed.)
Preparing to unpack .../libpython2.7-minimal_2.7.6-8_amd64.deb ...
Unpacking libpython2.7-minimal:amd64 (2.7.6-8) ...
Selecting previously unselected package python2.7-minimal.
Preparing to unpack .../python2.7-minimal_2.7.6-8_amd64.deb ...
Unpacking python2.7-minimal (2.7.6-8) ...
Selecting previously unselected package libpython2.7-stdlib:amd64.
Preparing to unpack .../libpython2.7-stdlib_2.7.6-8_amd64.deb ...
Unpacking libpython2.7-stdlib:amd64 (2.7.6-8) ...
Selecting previously unselected package python2.7.
Preparing to unpack .../python2.7_2.7.6-8_amd64.deb ...
Unpacking python2.7 (2.7.6-8) ...
Processing triggers for mime-support (3.54ubuntu1) ...
Setting up libpython2.7-minimal:amd64 (2.7.6-8) ...
Setting up python2.7-minimal (2.7.6-8) ...
Linking and byte-compiling packages for runtime python2.7...
Setting up libpython2.7-stdlib:amd64 (2.7.6-8) ...
Setting up python2.7 (2.7.6-8) ...

root@tangfeixiong-Compaq-14-Notebook-PC:/var/lib/docker# docker run -i -t ubuntu /bin/bash
root@4639a0af3a8e:/usr/bin# apt-get install python2.7
Reading package lists... Done
Building dependency tree       
Reading state information... Done
The following extra packages will be installed:
  libpython2.7-minimal libpython2.7-stdlib python2.7-minimal
Suggested packages:
  python2.7-doc binutils binfmt-support
The following NEW packages will be installed:
  libpython2.7-minimal libpython2.7-stdlib python2.7 python2.7-minimal
0 upgraded, 4 newly installed, 0 to remove and 0 not upgraded.
Need to get 3566 kB of archives.
After this operation, 15.1 MB of additional disk space will be used.
Do you want to continue? [Y/n] y
Get:1 http://archive.ubuntu.com/ubuntu/ trusty/main libpython2.7-minimal amd64 2.7.6-8 [307 kB]
Get:2 http://archive.ubuntu.com/ubuntu/ trusty/main python2.7-minimal amd64 2.7.6-8 [1190 kB]
Get:3 http://archive.ubuntu.com/ubuntu/ trusty/main libpython2.7-stdlib amd64 2.7.6-8 [1872 kB]
Get:4 http://archive.ubuntu.com/ubuntu/ trusty/main python2.7 amd64 2.7.6-8 [197 kB]
Fetched 3566 kB in 12s (282 kB/s)                                              
Selecting previously unselected package libpython2.7-minimal:amd64.
(Reading database ... 11527 files and directories currently installed.)
Preparing to unpack .../libpython2.7-minimal_2.7.6-8_amd64.deb ...
Unpacking libpython2.7-minimal:amd64 (2.7.6-8) ...
Selecting previously unselected package python2.7-minimal.
Preparing to unpack .../python2.7-minimal_2.7.6-8_amd64.deb ...
Unpacking python2.7-minimal (2.7.6-8) ...
Selecting previously unselected package libpython2.7-stdlib:amd64.
Preparing to unpack .../libpython2.7-stdlib_2.7.6-8_amd64.deb ...
Unpacking libpython2.7-stdlib:amd64 (2.7.6-8) ...
Selecting previously unselected package python2.7.
Preparing to unpack .../python2.7_2.7.6-8_amd64.deb ...
Unpacking python2.7 (2.7.6-8) ...
Processing triggers for mime-support (3.54ubuntu1) ...
Setting up libpython2.7-minimal:amd64 (2.7.6-8) ...
Setting up python2.7-minimal (2.7.6-8) ...
Linking and byte-compiling packages for runtime python2.7...
Setting up libpython2.7-stdlib:amd64 (2.7.6-8) ...
Setting up python2.7 (2.7.6-8) ...
   
root@4639a0af3a8e:/usr/bin# python2.7 --version
Python 2.7.6







root@tangfeixiong-Compaq-14-Notebook-PC:/var/lib/docker# docker run -i -t ubuntu java -version
2015/01/09 23:58:02 exec: "java": executable file not found in $PATH

root@tangfeixiong-Compaq-14-Notebook-PC:/var/lib/docker# docker search java
NAME                         DESCRIPTION                                     STARS     OFFICIAL   AUTOMATED
java                         Java is a concurrent, class-based, and obj...   104       [OK]       
dockerfile/java              Trusted automated Java (http://java.com/) ...   93                   [OK]
jeanblanchard/busybox-java   Minimal Docker image with Java                  10                   [OK]
maxexcloo/java               Docker framework container with the Oracle...   4                    [OK]
mhutter/java                 Oracle JDK                                      3                    [OK]
jolokia/java-jolokia                                                         3                    [OK]
netflixoss/java              Java Base for NetflixOSS container images       2                    [OK]
alsanium/java                Java Development Kit (JDK) image for Docker     2                    [OK]
pjan/java                                                                    1                    [OK]
pallet/java                                                                  1                    [OK]
datacom/java                                                                 0                    [OK]
socrata/java                                                                 0                    [OK]
tcnksm/centos-java           Docker CentOS Image packaging for Java (op...   0                    [OK]
devopsil/java                                                                0                    [OK]
eg5846/java-docker           Ubuntu java image (application only)            0                    [OK]
tipser/java                                                                  0                    [OK]
andreluiznsilva/java         Docker images for java applications             0                    [OK]
nimmis/java                  This is docker images of Ubuntu 14.04 LTS ...   0                    [OK]
smartprocure/java                                                            0                    [OK]
folsomlabs/java                                                              0                    [OK]
guttertec/java                                                               0                    [OK]
nimmis/java-centos           This is docker images of CentOS 7 with dif...   0                    [OK]
infotechsoft/java                                                            0                    [OK]
snasello/java                                                                0                    [OK]
thedutchselection/java                                                       0                    [OK]
root@tangfeixiong-Compaq-14-Notebook-PC:/var/lib/docker# docker search ubuntu/java
NAME                                            DESCRIPTION                                     STARS     OFFICIAL   AUTOMATED
partlab/ubuntu-java                             Simple base docker image to run java appli...   0                    [OK]
camunda/camunda-ubuntu-java                                                                     0                    [OK]
fernandoacorreia/ubuntu-14.04-oracle-java-1.7   Docker image with Ubuntu 14.04 and Oracle ...   0                    [OK]
judekim/ubuntu-base-oracle-java                                                                 0                    [OK]
damnhandy/ubuntu-awscli-java                                                                    0                    [OK]
ashlineldridge/java-on-ubuntu                                                                   0                    [OK]
rootlogin/ubuntu-java                                                                           0                    [OK]
shift/coreos-ubuntu-java-app                                                                    0                    [OK]
omriiluz/ubuntu-java8                                                                           0                    [OK]
shabutora/ubuntu-gui-java                                                                       0                    [OK]
silviuburceadev/docker-ubuntu-java                                                              0                    [OK]
silviuburceadev/docker-ubuntu-java-maven                                                        0                    [OK]
rickw/ubuntu12-java8                                                                            0                    [OK]
ruimo/dockerfile-ubuntu1404-java8-pl                                                            0                    [OK]
rickw/ubuntu12-java8-maven                                                                      0                    [OK]
dickeyxxx/ubuntu-java7                                                                          0                    [OK]
sdd330/ubuntu-desktop-java6                                                                     0                    [OK]
jared314/docker-ubuntu-14-04-java8                                                              0                    [OK]
silasdavis/ubuntu-java8-docker                                                                  0                    [OK]
kriwil/docker-ubuntu-java7                                                                      0                    [OK]
rickw/ubuntu12-java8-jmeter                                                                     0                    [OK]
meduzz/ubuntu_oracle_java8                      Dont forget to specify the tag when you us...   0                    [OK]
hklement/ubuntu-java                                                                            0                    
nimmis/java                                     This is docker images of Ubuntu 14.04 LTS ...   0                    [OK]
stephenreed/jenkins-java8-maven-git             Automated build that provides a continuous...   0                    [OK]

root@tangfeixiong-Compaq-14-Notebook-PC:/var/lib/docker# docker pull jared314/docker-ubuntu-14-04-java8
Pulling repository jared314/docker-ubuntu-14-04-java8
0d27cae6b8e8: Pulling dependent layers 
511136ea3c5a: Download complete 
201a6643a321: Download complete 
6b96a63dc77d: Download complete 
dd060930ab08: Download complete 
eaf437e47534: Download complete 
0173e3ee0b57: Download complete 
c4c720514215: Download complete 
fcbce07587e3: Download complete 
feb591a78efc: Download complete 
fda89c10001f: Download complete 
0e264a80a728: Download complete 
root@tangfeixiong-Compaq-14-Notebook-PC:/var/lib/docker# docker images
REPOSITORY                           TAG                 IMAGE ID            CREATED             VIRTUAL SIZE
ubuntu                               latest              8eaa4ff06b53        8 days ago          188.3 MB
jared314/docker-ubuntu-14-04-java8   latest              0d27cae6b8e8        3 months ago        766.1 MB
root@tangfeixiong-Compaq-14-Notebook-PC:/var/lib/docker# docker run -i -t jared314/docker-ubuntu-14-04-java8 java -version
java version "1.8.0_20"
Java(TM) SE Runtime Environment (build 1.8.0_20-b26)
Java HotSpot(TM) 64-Bit Server VM (build 25.20-b23, mixed mode)
root@tangfeixiong-Compaq-14-Notebook-PC:/var/lib/docker# docker run -i -t jared314/docker-ubuntu-14-04-java8 /bin/bash
root@f04718bf0855:/# java -version
java version "1.8.0_20"
Java(TM) SE Runtime Environment (build 1.8.0_20-b26)
Java HotSpot(TM) 64-Bit Server VM (build 25.20-b23, mixed mode)
root@f04718bf0855:/# javac -version             
javac 1.8.0_20
root@f04718bf0855:/# mkdir -p /root/javaApp/helloWorldApp
root@f04718bf0855:/root/javaApp# cd /root/javaApp/helloWorldApp/
root@f04718bf0855:/root/javaApp/helloWorldApp# cat > HelloWorld.java <<EOF
> package helloWorldApp;
> public class HelloWorld {
>     public static void main(String[] args) {
>         System.out.println("Hello World!");
>     }
> }
> EOF
root@f04718bf0855:/root/javaApp/helloWorldApp# cd ..
root@f04718bf0855:/root/javaApp# javac helloWorldApp/HelloWorld.java 
root@f04718bf0855:/root/javaApp# java helloWorldApp.HelloWorld
Hello World!

root@tangfeixiong-Compaq-14-Notebook-PC:/var/lib/docker# docker ps -a | grep f047
f04718bf0855        jared314/docker-ubuntu-14-04-java8:latest   /bin/bash              51 minutes ago      Exited (0) 26 minutes ago                            thirsty_morse            
root@tangfeixiong-Compaq-14-Notebook-PC:/var/lib/docker# docker start -a -i f047root@f04718bf0855:/# 
root@f04718bf0855:/# java -cp .:/root/javaApp helloWorldApp.HelloWorld
Hello World!
root@f04718bf0855:/# exit
exit

root@tangfeixiong-Compaq-14-Notebook-PC:/var/lib/docker# docker run jared314/docker-ubuntu-14-04-java8 lsb_release -a
No LSB modules are available.
Distributor ID:	Ubuntu
Description:	Ubuntu 14.04.1 LTS
Release:	14.04
Codename:	trusty


root@tangfeixiong-Compaq-14-Notebook-PC:/var/lib/docker# docker start f047
f047

root@tangfeixiong-Compaq-14-Notebook-PC:/var/lib/docker# docker ps
CONTAINER ID        IMAGE                                       COMMAND             CREATED             STATUS              PORTS               NAMES
f04718bf0855        jared314/docker-ubuntu-14-04-java8:latest   /bin/bash           About an hour ago   Up 3 seconds                            thirsty_morse       

root@tangfeixiong-Compaq-14-Notebook-PC:/var/lib/docker# docker commit f047 tangfeixiong/ubuntu140401-oracle_java8:HelloWorld
15452a496a37af0b2537bc57ed48b73d70468aa93f1060ff1663dab73794bdce

root@tangfeixiong-Compaq-14-Notebook-PC:/var/lib/docker# docker imagesREPOSITORY                               TAG                 IMAGE ID            CREATED              VIRTUAL SIZE
tangfeixiong/ubuntu140401-oracle_java8   HelloWorld          15452a496a37        About a minute ago   766.1 MB
ubuntu                                   latest              8eaa4ff06b53        9 days ago           188.3 MB
jared314/docker-ubuntu-14-04-java8       latest              0d27cae6b8e8        3 months ago         766.1 MB



root@tangfeixiong-Compaq-14-Notebook-PC:/var/lib/docker# docker login
Username: tangfeixiong
Password: 
Email: tangfx128@hotmail.com
Account created. Please use the confirmation link we sent to your e-mail to activate it.

root@tangfeixiong-Compaq-14-Notebook-PC:/var/lib/docker# docker push tangfeixiong/ubuntu140401-oracle_java8:HelloWorld
The push refers to a repository [tangfeixiong/ubuntu140401-oracle_java8] (len: 1)
Sending image list
Pushing repository tangfeixiong/ubuntu140401-oracle_java8 (1 tags)
511136ea3c5a: Image already pushed, skipping 
201a6643a321: Image already pushed, skipping 
6b96a63dc77d: Image already pushed, skipping 
dd060930ab08: Image already pushed, skipping 
eaf437e47534: Image already pushed, skipping 
0173e3ee0b57: Image already pushed, skipping 
c4c720514215: Image already pushed, skipping 
fcbce07587e3: Image already pushed, skipping 
feb591a78efc: Image already pushed, skipping 
fda89c10001f: Image already pushed, skipping 
0e264a80a728: Image already pushed, skipping 
0d27cae6b8e8: Image already pushed, skipping 
15452a496a37: Image successfully pushed 
Pushing tag for rev [15452a496a37] on {https://cdn-registry-1.docker.io/v1/repositories/tangfeixiong/ubuntu140401-oracle_java8/tags/HelloWorld}
root@tangfeixiong-Compaq-14-Notebook-PC:/var/lib/docker# docker run tangfeixiong/ubuntu140401-oracle_java8:HelloWorld ls /root
javaApp
root@tangfeixiong-Compaq-14-Notebook-PC:/var/lib/docker# docker run tangfeixiong/ubuntu140401-oracle_java8:HelloWorld ls /root/javaApp
helloWorldApp
root@tangfeixiong-Compaq-14-Notebook-PC:/var/lib/docker# docker run tangfeixiong/ubuntu140401-oracle_java8:HelloWorld ls /root/javaApp/helloWorldApp
HelloWorld.class
HelloWorld.java
root@tangfeixiong-Compaq-14-Notebook-PC:/var/lib/docker# docker run tangfeixiong/ubuntu140401-oracle_java8:HelloWorld java -cp /root/javaApp helloWorldApp.HelloWorld
Hello World!

root@tangfeixiong-Compaq-14-Notebook-PC:/var/lib/docker# docker search tangfeixiong
NAME                                     DESCRIPTION   STARS     OFFICIAL   AUTOMATED
tangfeixiong/ubuntu140401-oracle_java8                 0                    


